{"agencia":"agencia-1","tipo":"CRIAR_CONTA","timestampLamport":1,"horaParede":"2026-09-06T23:11:27.461540567Z","detalhes":{"id":301,"nomeAluno":"Agencia 1","saldoInicial":100.0}}
{"agencia":"agencia-1","tipo":"TRANSFERENCIA_CREDITO_REMOTO","timestampLamport":4,"horaParede":"2026-09-06T23:12:15.091808491Z","detalhes":{"idConta":301,"origemAgencia":0,"valor":30.0}}
{"agencia":"agencia-1","tipo":"CRIAR_CONTA","timestampLamport":1,"horaParede":"2026-09-07T00:29:06.026366111Z","detalhes":{"nomeAluno":"Ag1 Bia","saldoInicial":1500.0,"id":1}}
{"agencia":"agencia-1","tipo":"TRANSFERENCIA_CREDITO_REMOTO","timestampLamport":6,"horaParede":"2026-09-07T00:35:10.614979223Z","detalhes":{"idConta":1,"origemAgencia":0,"valor":300.0}}
{"agencia":"agencia-1","tipo":"DEPOSITO","timestampLamport":7,"horaParede":"2026-09-07T00:36:23.998468446Z","detalhes":{"novoSaldo":2000.0,"valor":200.0,"id":1}}
{"agencia":"agencia-1","tipo":"TRANSFERENCIA_DEBITO","timestampLamport":8,"horaParede":"2026-09-07T00:37:04.518283923Z","detalhes":{"idOrigem":1,"idDestino":0,"valor":300.0}}
{"agencia":"agencia-1","tipo":"DEPOSITO","timestampLamport":10,"horaParede":"2026-09-07T00:39:01.866188788Z","detalhes":{"novoSaldo":1900.0,"valor":200.0,"id":1}}
{"agencia":"agencia-1","tipo":"DEPOSITO","timestampLamport":11,"horaParede":"2026-09-07T00:39:18.068880704Z","detalhes":{"novoSaldo":2000.0,"valor":100.0,"id":1}}
{"agencia":"agencia-1","tipo":"TRANSFERENCIA_DEBITO","timestampLamport":12,"horaParede":"2026-09-07T00:39:40.341814355Z","detalhes":{"idOrigem":1,"idDestino":0,"valor":200.0}}
{"agencia":"agencia-1","tipo":"CRIAR_CONTA","timestampLamport":1,"horaParede":"2026-09-29T00:07:25.197882017Z","detalhes":{"nomeAluno":"Ag1 Ana","saldoInicial":1700.0,"id":1}}
{"agencia":"agencia-1","tipo":"CRIAR_CONTA","timestampLamport":2,"horaParede":"2026-09-29T00:07:42.308798799Z","detalhes":{"nomeAluno":"Ag1 Leo","saldoInicial":1500.0,"id":4}}
{"agencia":"agencia-1","tipo":"TRANSFERENCIA_CREDITO_REMOTO","timestampLamport":6,"horaParede":"2026-09-29T00:11:59.952683772Z","detalhes":{"idConta":1,"origemAgencia":0,"valor":10.0}}
{"agencia":"agencia-1","tipo":"CRIAR_CONTA","timestampLamport":1,"horaParede":"2026-09-29T00:14:08.296112182Z","detalhes":{"saldoInicial":1000.0,"nomeAluno":"Ag1 Beatriz","id":1}}
{"agencia":"agencia-1","tipo":"CRIAR_CONTA","timestampLamport":2,"horaParede":"2026-09-29T00:14:25.213850742Z","detalhes":{"saldoInicial":1700.0,"nomeAluno":"Ag1 Beto","id":4}}
{"agencia":"agencia-1","tipo":"CRIAR_CONTA","timestampLamport":3,"horaParede":"2026-09-29T00:17:11.190223713Z","detalhes":{"saldoInicial":2000.0,"nomeAluno":"Ag1 Beth","id":7}}
{"agencia":"agencia-1","tipo":"CRIAR_CONTA","timestampLamport":1,"horaParede":"2026-09-29T00:51:03.151681142Z","detalhes":{"saldoInicial":3000.0,"nomeAluno":"Ag1 BIa","id":1}}
{"agencia":"agencia-1","tipo":"CRIAR_CONTA","timestampLamport":2,"horaParede":"2026-09-29T00:51:18.624918149Z","detalhes":{"saldoInicial":2500.0,"nomeAluno":"Ag1 Beto","id":4}}
{"agencia":"agencia-1","tipo":"CRIAR_CONTA","timestampLamport":3,"horaParede":"2026-09-29T00:51:31.770505521Z","detalhes":{"saldoInicial":2000.0,"nomeAluno":"Ag1 Beth","id":7}}
{"agencia":"agencia-1","tipo":"CRIAR_CONTA","timestampVetorial":[0,1,0],"horaParede":"2026-10-05T22:40:53.351379808Z","detalhes":{"nomeAluno":"Bia","id":301,"saldoInicial":0.0}}
{"agencia":"agencia-1","tipo":"TRANSFERENCIA_CREDITO_REMOTO","timestampVetorial":[3,2,0],"horaParede":"2026-10-05T22:41:34.398473888Z","detalhes":{"idConta":301,"valor":30.0,"origemAgencia":0}}
{"agencia":"agencia-1","tipo":"CRIAR_CONTA","timestampVetorial":[3,3,0],"horaParede":"2026-10-05T22:53:19.970391327Z","detalhes":{"nomeAluno":"Bruno","id":601,"saldoInicial":0.0}}
{"agencia":"agencia-1","tipo":"TRANSFERENCIA_CREDITO_REMOTO","timestampVetorial":[6,4,0],"horaParede":"2026-10-05T22:53:46.843593337Z","detalhes":{"idConta":601,"valor":30.0,"origemAgencia":0}}
{"agencia":"agencia-1","tipo":"TRANSFERENCIA_CREDITO_REMOTO","timestampVetorial":[8,5,0],"horaParede":"2026-10-05T22:55:45.423524231Z","detalhes":{"idConta":601,"valor":30.0,"origemAgencia":0}}
